
(transformer-demo) C:\Users\Dao\Code\Transformer-demo>c:/Users/Dao/Code/Transformer-demo/.venv/Scripts/python.exe c:/Users/Dao/Code/Transformer-demo/main.py
tokenizer_config.json: 100%|█████████████████████████████████████████████████████████████████████| 48.0/48.0 [00:00<00:00, 332kB/s]      
c:\Users\Dao\Code\Transformer-demo\.venv\Lib\site-packages\huggingface_hub\file_download.py:143: UserWarning: `huggingface_hub` cache-system uses symlinks by default to efficiently store duplicated files but your machine does not support them in C:\Users\Dao\.cache\huggingface\hub\models--bert-base-uncased. Caching files will still work but in a degraded version that might require more space on your disk. This warning can be disabled by setting the `HF_HUB_DISABLE_SYMLINKS_WARNING` environment variable. For more details, see https://huggingface.co/docs/huggingface_hub/how-to-cache#limitations.
To support symlinks on Windows, you either need to activate Developer Mode or to run Python as an administrator. In order to activate developer mode, see this article: https://docs.microsoft.com/en-us/windows/apps/get-started/enable-your-device-for-development
  warnings.warn(message)
vocab.txt: 100%|████████████████████████████████████████████████████████████████████████████████| 232k/232k [00:00<00:00, 1.82MB/s]      
tokenizer.json: 100%|███████████████████████████████████████████████████████████████████████████| 466k/466k [00:00<00:00, 5.48MB/s]      
config.json: 100%|████████████████████████████████████████████████████████████████████████████████| 570/570 [00:00<00:00, 2.46MB/s]      
Xet Storage is enabled for this repo, but the 'hf_xet' package is not installed. Falling back to regular HTTP download. For better performance, install the package with: `pip install huggingface_hub[hf_xet]` or `pip install hf_xet`
model.safetensors: 100%|████████████████████████████████████████████████████████████████████████| 440M/440M [01:35<00:00, 4.61MB/s]      

c:\Users\Dao\Code\Transformer-demo\.venv\Lib\site-packages\huggingface_hub\file_download.py:143: UserWarning: `huggingface_hub` cache-system uses symlinks by default to efficiently store duplicated files but your machine does not support them in C:\Users\Dao\.cache\huggingface\hub\models--bert-base-uncased. Caching files will still work but in a degraded version that might require more space on your disk. This warning can be disabled by setting the `HF_HUB_DISABLE_SYMLINKS_WARNING` environment variable. For more details, see https://huggingface.co/docs/huggingface_hub/how-to-cache#limitations.
To support symlinks on Windows, you either need to activate Developer Mode or to run Python as an administrator. In order to activate developer mode, see this article: https://docs.microsoft.com/en-us/windows/apps/get-started/enable-your-device-for-development
  warnings.warn(message)
vocab.txt: 100%|████████████████████████████████████████████████████████████████████████████████| 232k/232k [00:00<00:00, 1.82MB/s]      
tokenizer.json: 100%|███████████████████████████████████████████████████████████████████████████| 466k/466k [00:00<00:00, 5.48MB/s]      
config.json: 100%|████████████████████████████████████████████████████████████████████████████████| 570/570 [00:00<00:00, 2.46MB/s]      
Xet Storage is enabled for this repo, but the 'hf_xet' package is not installed. Falling back to regular HTTP download. For better performance, install the package with: `pip install huggingface_hub[hf_xet]` or `pip install hf_xet`
model.safetensors: 100%|████████████████████████████████████████████████████████████████████████| 440M/440M [01:35<00:00, 4.61MB/s]      

(transformer-demo) C:\Users\Dao\Code\Transformer-demo>c:/Users/Dao/Code/Transformer-demo/.venv/Scripts/python.exe c:/Users/Dao/Code/Transformer-demo/src/get_cls.py
Sentence: I love natural language processing.
[CLS] embedding shape: torch.Size([768])
---
Sentence: BERT is a powerful language model.
[CLS] embedding shape: torch.Size([768])
---
Sentence: Today is a sunny day.
[CLS] embedding shape: torch.Size([768])
---

(transformer-demo) C:\Users\Dao\Code\Transformer-demo>c:/Users/Dao/Code/Transformer-demo/.venv/Scripts/python.exe c:/Users/Dao/Code/Transformer-demo/src/get_cls.py
Sentence: I love natural language processing.
[CLS] embedding: tensor([-4.1901e-02,  4.3428e-02, -2.5336e-01, -3.5017e-01, -3.7435e-01,
        -2.3288e-01,  1.4841e-01,  6.8293e-01,  1.4665e-01, -3.0922e-01,
         7.1789e-02,  2.0524e-01,  1.3312e-01,  8.5663e-02,  2.0476e-01,
         5.6022e-03, -1.1869e-01,  4.1256e-01,  1.0981e-01, -2.5657e-02,
         1.0278e-01, -2.0408e-01,  4.0388e-02, -1.1713e-01,  2.6896e-01,
        -1.5852e-01, -6.0260e-02, -5.0208e-02,  4.9383e-03, -5.6309e-02,
        -4.2484e-02,  2.2042e-01, -2.2123e-01,  1.6162e-03,  2.1321e-01,
        -1.8850e-01, -2.2669e-02, -3.3455e-01,  1.2029e-01,  7.7284e-02,
        -8.9116e-02, -1.8291e-01,  4.9273e-02, -1.9783e-02, -1.1227e-01,
        -2.7503e-01, -3.2009e+00, -8.2603e-02, -3.4795e-01, -1.8395e-01,
         3.2589e-01, -2.3482e-02,  3.5890e-01,  3.0696e-01,  2.1356e-01,
         2.1671e-01, -2.3139e-01,  4.3008e-01,  6.2947e-02,  1.8865e-01,
         3.5517e-01,  1.8077e-01, -2.1450e-02,  8.5538e-02, -1.4239e-01,
        -4.9344e-02, -4.1498e-01,  1.6885e-01,  1.0057e-02,  4.7773e-01,
        -3.7774e-01, -7.1672e-02,  3.8049e-01, -1.4620e-01,  7.2074e-02,
         8.1943e-03, -9.5063e-02,  1.3366e-01, -1.8546e-01, -7.9901e-02,
        -1.8035e-02,  6.1535e-01,  4.2534e-01, -4.6060e-02,  2.0913e-01,
         6.3511e-01, -4.0981e-01, -4.3911e-01,  4.3478e-01,  2.4379e-01,
        -4.3460e-01, -1.3468e-01, -1.3597e-01,  6.0192e-01,  5.1290e-01,
         1.4862e-01, -3.2072e-01, -5.6703e-02, -1.0363e-01,  4.6838e-01,
         1.2898e-01,  3.8997e-03,  1.3329e-01, -3.5645e-02,  1.4925e-01,
         2.7986e-02, -4.3536e-02, -1.9061e-01,  6.6606e-02, -2.7980e+00,
         1.0184e-01, -1.1753e-01, -4.6177e-01, -2.5325e-01, -1.3917e-01,
         3.9090e-01,  2.8337e-01,  2.9389e-01,  2.6890e-01,  1.3340e-01,
        -2.1877e-01,  3.0737e-01, -1.7102e-01, -1.4681e-01, -1.4911e-01,
        -6.2220e-03,  3.8884e-01, -1.6310e-01,  2.7441e-01,  6.1467e-04,
         3.0227e-01,  7.0553e-01,  3.5324e-02, -3.0226e-01, -1.8507e-01,
         1.3159e-01,  3.0286e-01, -1.2362e-01, -5.5305e-02, -1.7482e-01,
        -2.5048e-01, -2.7878e-01, -3.2892e+00, -1.0262e-01,  2.7247e-01,
        -7.2364e-02, -1.1712e-01, -3.0770e-02,  1.5914e-01,  2.6333e-01,
         2.5942e-01, -2.2003e-02, -3.1549e-01,  9.9970e-02, -1.3750e-01,
        -1.3134e-01, -1.5582e-01, -1.1060e-01,  4.3933e-01,  1.8137e-01,
        -1.1377e-01, -5.7436e-01, -1.2871e-01, -1.7758e-01, -2.8453e-01,
         1.8410e-01,  4.4852e-01,  3.2105e-01,  1.1289e-02,  1.3929e-01,
        -4.3752e-02,  2.6121e-01,  2.8193e-01,  2.7738e-01,  8.9322e-02,
        -3.9324e-01, -1.7929e-01,  5.2797e-01,  3.1188e-01,  1.5171e-03,
        -1.6471e-01,  2.9158e-01,  2.1538e-01, -1.0290e-01,  3.9209e-01,
        -1.2968e-01,  3.7200e-01, -4.3494e-01, -3.7548e-01,  2.4096e-01,
        -1.7328e-01, -1.8090e-01,  2.0054e-01,  7.3232e-02,  3.9483e-01,
         1.3491e-01, -5.1516e-02, -3.3755e-01,  2.3612e-01,  5.2101e-01,
        -1.1513e-01, -3.6572e-02, -5.4367e-02,  4.5217e-02,  1.8354e-01,
         4.0392e+00,  1.6854e-01,  4.2105e-02,  4.4783e-02, -5.3568e-02,
        -6.1352e-02,  4.9320e-02,  7.8156e-02, -8.4082e-02, -7.2900e-02,
        -6.5504e-02,  1.1207e-01,  1.1292e-01, -1.6381e-01, -1.2133e-02,
         1.4435e-01,  2.9074e-01, -3.5307e-01,  2.8826e-01, -1.8603e-01,
        -1.1616e-01, -6.8677e-02,  6.8178e-01,  2.1513e-01, -1.1361e+00,
        -1.4266e-01, -1.2403e-01, -2.7587e-01,  2.0890e-01, -1.1122e-01,
        -3.0943e-01, -1.6965e-02, -3.0364e-01, -1.8592e-02,  6.4349e-02,
        -1.4660e-01,  2.3946e-01, -2.2332e-01,  6.9957e-02, -1.6221e-01,
         4.3453e-01,  1.0472e-01, -1.3609e-01,  1.1311e-01,  1.3223e-01,
         6.0839e-01,  2.4268e-01,  3.0748e-01, -2.3665e-01,  1.8967e-01,
         2.7792e-01,  8.9073e-02,  1.1648e-01, -3.5307e-01, -2.0326e-01,
        -1.2886e-01, -1.8707e-02,  6.0359e-02,  1.0882e-01, -5.3001e-01,
        -4.4221e-01,  3.1693e-01, -3.2740e-01,  8.2383e-02, -1.7853e-01,
        -1.4674e-01, -2.7800e-01, -1.9866e-01, -4.2242e+00, -1.1392e-01,
        -3.3188e-01, -1.9163e-01,  1.4125e-01, -3.7628e-01,  5.3505e-02,
         2.1040e-01,  1.2764e-01, -3.6248e-01,  3.6865e-01, -8.2291e-02,
        -2.0402e-01,  2.0791e-01, -3.6988e-01,  2.9012e-01,  1.0955e-01,
        -1.7381e-01, -2.5083e-01, -3.2920e-01,  1.9755e-01,  7.7769e-02,
        -2.2026e-01,  2.4330e-01,  1.2068e-01, -5.1698e-02, -2.6933e-01,
        -1.8471e-01, -1.4389e-01,  2.1274e-02,  5.3574e-02, -1.8897e-01,
        -2.1194e-01, -7.7274e-02, -1.1298e-02, -2.1880e+00,  2.1430e-01,
        -4.4612e-01, -3.0486e-02,  9.6297e-02,  1.5658e-01,  1.7154e-01,
        -4.8286e-02, -3.3920e-01,  7.6299e-02,  5.0455e-01, -4.7340e-02,
         1.5061e-01, -3.5623e-02,  1.0589e-01,  1.1216e-01,  3.5116e-01,
         8.1056e-02,  6.5031e-02,  2.1029e-01,  1.9007e-01,  6.1043e-01,
         4.4019e-02, -1.5533e-01,  4.2515e-01,  1.2403e-01, -4.3160e-01,
        -1.2265e-01, -2.7683e-01,  1.0744e-01,  3.1882e-02,  6.3891e-02,
         2.2424e-01, -1.8863e-01, -4.4929e-01,  2.4774e-02,  3.8510e-01,
         4.1984e-01,  4.8782e-01, -4.5005e-02, -1.1984e-01,  4.4579e-01,
         3.8627e-02,  2.5637e-01,  2.9332e-01,  2.7973e-02,  1.1185e-01,
        -8.7569e-02,  3.7778e-01,  5.8237e-02,  3.8301e-02, -1.1710e-01,
         1.2911e+00,  3.8731e-01,  2.9436e-01, -9.5274e-02,  3.8056e-01,
        -1.3500e-01,  6.4965e-02,  4.6074e-01,  5.8548e-01, -2.8132e-01,
         2.7410e-01, -4.0766e-01,  6.8045e-02, -6.3490e-01,  1.5609e-01,
        -5.2887e-01, -3.2481e-02,  1.1747e-01,  8.3687e-02,  2.2951e-02,
        -4.3524e-02, -1.0243e+00,  1.1820e-01,  1.8092e-01, -2.2412e-01,
         2.2005e-01,  1.7817e-01,  1.2410e-01, -6.9552e-02,  1.0743e-01,
        -4.4288e-01,  4.5961e-01, -3.3122e-01, -2.4122e-01, -2.0630e-01,
         1.8880e-01, -5.1015e-01, -2.4431e-01, -1.3387e-01,  4.0207e-02,
         1.8790e-01, -7.9608e-02,  7.4674e-03,  8.6883e-02,  3.5188e-01,
        -8.2447e-01,  1.8981e-01, -3.0557e-01, -4.5514e-01, -2.8792e-01,
        -4.0666e-01,  2.1684e-01, -8.5745e-02, -2.2175e-01, -1.6587e-01,
         2.5756e-01,  1.5783e-01,  1.0436e-01, -3.1275e-01, -1.6778e-01,
         1.8809e-01,  9.1697e-02,  7.2408e-01, -1.5232e-01,  7.5102e-02,
         1.7612e-01,  1.1796e-01, -9.7735e-02,  5.6170e-02, -8.1406e-03,
        -3.3619e-01, -1.5466e-02, -3.9241e-01, -2.1486e-01, -3.3308e-02,
         4.2394e-02, -5.6818e-01, -3.3526e-01,  8.5880e-02, -2.2403e-02,
        -5.2545e-01, -4.3288e-01, -5.3395e-02, -4.7345e-01, -3.4820e-01,
         4.2306e-01,  4.4346e-02,  2.3586e-02,  1.8995e-01, -1.4965e-01,
        -2.6788e-01,  2.3123e-01, -2.0841e-01,  4.1477e-01,  2.9391e-02,
         7.9956e-03, -9.5566e-02,  3.7824e-01,  1.9505e-01, -2.8942e-01,
         1.9677e-02, -2.5749e-01,  3.0996e-01,  3.0275e-01, -8.5968e-02,
         9.1538e-02,  2.0712e-01,  1.6542e-01,  4.9982e-01,  2.1580e-02,
        -1.3170e+00,  2.1820e-01,  5.5853e-01, -5.8949e-02, -3.6859e-03,
        -7.1260e-02, -1.6327e-01,  5.2700e-01,  1.2309e-01, -1.1358e-01,
        -3.2956e-01, -1.1503e-01,  2.7773e-02, -5.8552e-02,  1.6940e-01,
         1.2552e-01,  5.1901e-02, -2.2477e-01, -9.7850e-02, -2.9324e-01,
         1.1999e-01,  4.2615e-01, -1.3870e-01,  3.3075e-02,  2.2775e-01,
        -1.6764e-01, -2.7658e-02,  2.2373e-01,  2.8778e-02,  4.0223e-01,
         1.6786e-01, -5.1195e-01, -6.6609e-01, -1.6209e-01,  4.0288e-01,
        -1.3453e-01,  1.3326e-01, -1.0489e-01,  5.5595e-01,  3.9182e-01,
        -3.8345e-01,  3.5673e-01,  3.9317e-01, -6.4141e-02,  6.6180e-02,
         4.9126e-02, -1.8510e-01,  3.2651e-01,  6.4891e-02, -3.3238e-01,
        -2.4217e-02, -3.5121e-01, -1.4455e-01,  2.9419e-02,  8.3758e-03,
        -1.8607e-01,  2.4080e-02,  1.5127e-01, -3.6174e-01,  1.8919e-01,
         2.6298e-01, -3.3577e-01, -1.2137e-01,  6.4033e-02, -3.1855e-01,
        -6.2798e-01, -1.6311e-01, -2.0423e-01, -2.3653e-01,  3.5015e-01,
         4.8849e-01, -1.4318e-02, -7.9659e-02,  1.9479e-01, -3.1223e-01,
         3.8795e-01,  2.3550e-01,  3.1067e-02,  4.1325e-01, -9.5897e-02,
         1.3748e-01,  1.1689e-03,  1.0007e-01, -3.2063e-03,  1.4443e-01,
         7.9616e-03, -3.5921e-01, -2.0973e-01, -8.3163e-04, -1.1503e-01,
        -4.6933e-01, -2.4515e-01,  5.0055e-01, -7.8479e-02,  2.0163e-02,
         8.0549e-02,  2.9063e-01,  1.0731e-01, -4.1920e-02, -1.0890e-01,
        -4.9026e-01,  5.5157e-01,  2.6950e-01,  1.7796e-01,  7.1629e-02,
         4.3495e-01,  3.9157e-01,  3.2872e-01, -3.1270e-01, -4.5236e-01,
         2.3165e-02,  2.6657e-01, -2.3061e-01, -2.5263e-01,  1.7207e-01,
        -2.9090e-02,  5.3216e-01, -4.0936e-01,  2.6637e+00,  1.0949e-01,
         4.6514e-01, -4.3727e-01,  2.4340e-01, -2.5275e-02, -2.2978e-01,
         1.5634e-02, -4.9306e-01,  2.1151e-01, -3.3140e-01,  1.3708e-01,
        -2.2294e-01,  1.8076e-01,  2.2760e-01,  1.0779e-01, -3.7580e-01,
        -1.4687e-01, -8.2179e-01,  6.4224e-03, -2.3482e-01,  4.8967e-01,
         2.2422e-01, -1.6667e-01,  5.5292e-02,  3.4181e-01,  1.5964e-01,
         2.5239e-01,  1.3438e-01, -8.9346e-02, -2.3988e-01,  9.7147e-03,
         1.8699e-01,  1.7704e-01, -2.8562e-01,  1.0661e-01,  1.5062e-01,
        -2.1570e-01,  6.0293e-02, -3.7661e-02,  3.0906e-02, -3.6922e-01,
         4.4581e-01, -2.0575e-02, -2.2997e-01,  5.0631e-01, -1.9310e-02,
        -6.1401e-01,  4.0244e-01,  1.6904e-01, -1.4986e-01,  3.5689e-01,
        -9.1718e-02,  3.0198e-01, -9.0718e-02, -1.9071e-01, -1.0728e-01,
        -1.5938e-01,  1.2985e-02,  2.5422e-01, -1.1881e-01,  6.0292e-02,
         8.1207e-02,  2.3587e-02, -2.8889e-01, -4.4308e-02, -1.3623e-01,
         3.6190e-01,  2.3359e-01, -3.5026e-01,  9.6683e-02,  4.2584e-01,
         3.5807e-01,  3.2851e-01,  1.8408e-01,  1.0610e-01,  3.8377e-01,
        -1.7954e-01,  7.3057e-02, -3.3178e+00,  8.1466e-03,  5.2991e-02,
         1.0872e-01,  3.6781e-02,  2.3720e-01,  5.1559e-01, -1.0703e-01,
         3.6591e-02, -2.6053e-01,  1.8935e-01,  1.2156e-01,  4.4913e-01,
         2.1614e-02,  4.2376e-02,  8.9058e-02, -8.5674e-02, -3.8629e-01,
         1.4111e-01, -1.9899e-01,  2.3260e-01,  6.5538e-02,  1.4819e-01,
         1.2931e-02, -4.7639e-01,  2.0029e-01,  7.2276e-02, -1.7213e-01,
         2.5834e-01,  2.6645e-01,  1.2155e-01,  1.4412e-01, -3.6756e-02,
         1.0050e-01, -5.3319e-02, -9.1452e-02, -1.5310e-01, -1.8198e-01,
         2.5333e-01,  1.9096e-01,  5.2329e-02,  3.6820e-01,  1.4348e-01,
         2.2544e-01, -1.4816e-01, -4.4081e-01,  5.2669e-01, -1.0564e-01,
         6.4997e-01, -1.3608e-01, -1.7430e-01,  2.1422e-01,  1.2102e-01,
         2.1257e-02,  2.7677e-01,  1.6302e-01,  2.7133e-01,  1.5798e-01,
         2.9787e-01, -1.9304e-01, -1.0633e-01,  3.5831e-01, -2.0616e-01,
        -3.2406e-02,  4.9549e-01, -5.4525e-01, -7.5951e-02,  1.8584e-01,
        -2.2931e-01, -1.8711e-01, -2.2373e-01, -3.2188e-01,  4.8831e-01,
         4.6075e-02, -3.2385e-02,  2.2105e-01,  2.3664e-01,  1.4614e-01,
        -1.9859e-02, -2.1557e-01,  8.2887e-02, -3.5360e-02, -3.1718e-01,
        -1.4031e-01,  2.9536e-01, -8.5303e+00, -5.5444e-02,  4.0281e-02,
        -4.6064e-01,  1.6652e-01, -4.5404e-01,  1.3205e-02, -1.8371e-01,
         3.4264e-01,  8.7192e-03,  3.4776e-01,  4.2260e-02,  5.1181e-02,
        -2.5176e-01,  2.3302e-01,  6.5756e-01])
---
Sentence: BERT is a powerful language model.
[CLS] embedding: tensor([-4.8063e-01, -2.7201e-01,  7.1316e-02, -1.6562e-01, -5.3663e-01,
        -5.3267e-01, -2.0883e-02,  2.1108e-01,  1.9149e-01, -1.5458e-01,
        -8.1931e-02, -3.9883e-02, -1.6563e-01,  2.9684e-01,  2.1986e-01,
         5.1827e-02, -2.2267e-01,  5.8201e-01,  1.9959e-01, -1.5602e-01,
        -3.6135e-01, -3.8606e-01, -3.1876e-02, -3.1549e-01, -4.4478e-03,
        -7.3484e-02,  9.7484e-02, -3.4996e-01,  6.5820e-02,  3.5267e-01,
        -2.8040e-01,  3.3130e-01,  1.3223e-02, -2.8761e-01,  4.0706e-01,
        -2.4205e-01,  2.7396e-01,  7.5823e-02,  2.5379e-01,  1.4858e-01,
        -1.3674e-01,  5.1725e-02,  3.7952e-01,  7.7502e-02, -2.9306e-01,
        -2.2208e-01, -3.1899e+00, -9.4146e-02, -6.6009e-02, -4.7304e-01,
        -1.6145e-01, -4.7078e-02, -1.8536e-01,  3.8690e-01,  1.9341e-01,
        -1.2773e-01, -1.0005e-01,  3.1758e-01,  3.7195e-01, -3.4581e-02,
        -1.1807e-01,  1.4664e-01, -3.4453e-01, -3.1937e-02, -1.3140e-01,
         1.0751e-01, -2.6811e-01,  1.8660e-01, -2.7946e-01,  4.4454e-01,
        -1.4859e-01, -4.1538e-01,  1.5924e-01, -1.2366e-01, -1.7183e-01,
        -1.1730e-02, -1.6662e-01,  1.2391e-01, -9.5897e-02,  5.2725e-02,
         3.0255e-01,  5.2918e-01,  4.6427e-01, -3.2078e-01,  2.5691e-01,
         5.0210e-01, -3.5547e-02,  1.2594e-01,  1.0910e-01,  2.6155e-01,
        -3.8664e-01, -1.8013e-01, -1.1640e-01,  3.9074e-01,  3.5820e-01,
         2.4129e-01, -5.2136e-03,  4.9173e-02,  2.7517e-01,  3.6781e-01,
         2.3005e-01, -5.3084e-02,  3.4504e-02, -3.7056e-01, -4.2752e-02,
        -1.1363e-02, -2.9630e-01, -8.4714e-02,  2.9868e-02, -2.6443e+00,
         3.7421e-01,  9.8131e-02, -1.5315e-01, -4.3655e-01, -3.6943e-02,
         4.7555e-01,  4.1684e-01,  5.6817e-02,  4.8319e-01,  5.5613e-02,
         1.4312e-01,  9.7245e-01, -7.2477e-02, -1.7245e-01,  5.0691e-02,
         2.4217e-01,  3.2522e-01, -5.7166e-02,  3.1584e-01,  2.8779e-01,
         6.2959e-02,  5.3437e-01,  3.0601e-01, -1.8338e-01, -6.1201e-02,
         3.2465e-02,  1.6664e-01, -2.0030e-01, -4.3616e-01, -3.5343e-02,
        -4.7462e-01, -2.4639e-01, -3.2257e+00,  2.1469e-01,  5.0953e-01,
         2.9846e-01, -2.0409e-01, -3.5935e-01, -7.7787e-03,  1.4100e-01,
         1.5175e-01,  4.8497e-01, -4.0424e-01,  4.8570e-03, -4.5256e-01,
         1.5822e-01, -1.0802e-01, -6.2011e-02,  3.7626e-01,  3.3066e-01,
         3.4920e-02, -1.1037e-01,  9.9584e-02, -4.7633e-01, -2.4138e-01,
         3.3997e-02,  5.2234e-01, -2.0734e-01,  3.0864e-01, -1.9557e-01,
        -7.4349e-02,  1.5551e-01,  3.4047e-01,  2.3985e-01,  3.3200e-01,
        -3.4376e-01,  1.6838e-01,  1.5695e-01,  2.1414e-01, -9.2366e-02,
        -3.7470e-01,  2.5097e-01,  2.5674e-01,  1.8334e-01,  4.3122e-01,
         1.4022e-01,  1.5231e-01, -1.6903e-01, -5.2032e-01,  8.6795e-02,
         1.8061e-02, -2.7580e-01,  9.9760e-02, -5.6226e-02,  6.0419e-01,
         1.5857e-01,  1.0695e-02, -3.5585e-01,  2.1590e-02,  3.8415e-01,
        -9.6262e-02, -1.2914e-01, -4.1552e-01, -1.2479e-01, -5.6382e-02,
         3.7413e+00,  3.2967e-02, -5.2746e-02,  5.1177e-03,  6.1275e-02,
        -2.1099e-01, -2.8744e-02,  1.7138e-01, -3.8490e-01,  2.3028e-01,
         1.0984e-01,  5.1616e-01, -2.4740e-02, -7.1987e-02, -1.1440e-01,
         2.1336e-01,  3.8233e-02, -1.9558e-01,  3.3653e-02, -5.1466e-01,
        -5.3808e-02,  3.2428e-01,  5.0146e-01,  2.8946e-01, -1.2652e+00,
        -6.2100e-02,  2.4248e-02, -2.1631e-01,  4.7448e-02, -1.2924e-02,
        -2.3351e-01, -1.1924e-01, -1.4141e-01,  1.9114e-01, -6.5586e-03,
         8.0565e-02,  3.3318e-01, -1.2180e-01,  6.8535e-02,  4.5642e-02,
         8.4657e-02,  2.0070e-01, -1.2069e-01,  2.2349e-01, -3.2825e-01,
         3.8308e-01,  2.4241e-01,  8.0502e-02,  8.5678e-02,  1.9669e-01,
         1.7210e-01,  1.4549e-01,  2.4626e-01, -2.9537e-01,  2.8282e-01,
        -3.2945e-01, -3.3505e-01,  1.7411e-01, -4.1226e-02, -2.1091e-01,
        -4.2867e-01, -1.3370e-02, -3.9181e-01,  1.2487e-01, -2.2055e-01,
        -1.5603e-01, -4.7135e-01, -2.7019e-01, -4.1389e+00,  1.3357e-01,
         9.6455e-02,  9.0925e-02,  3.3799e-01, -1.4038e-01,  8.3824e-04,
         1.8851e-01,  2.9810e-01, -4.8637e-02,  3.1606e-01,  3.1929e-01,
         2.8910e-01,  2.9409e-01, -5.3293e-01,  1.2738e-01, -6.4424e-02,
        -2.9893e-01, -9.1142e-02, -2.5753e-01,  1.3644e-01, -2.6174e-01,
        -2.1635e-04,  3.2855e-01, -1.0097e-01, -2.2180e-01, -3.3311e-02,
        -4.4626e-01, -2.4574e-01, -1.8024e-01,  1.6117e-01, -1.2360e-02,
         1.1050e-01, -1.9529e-01,  2.1426e-01, -2.7414e+00,  3.0734e-01,
        -1.2390e-01, -1.8346e-03, -6.7808e-02, -2.6904e-01,  2.9812e-01,
         5.4444e-02, -3.1117e-01,  1.3543e-01,  1.4366e-01,  1.5133e-01,
        -2.9700e-01,  2.0912e-01,  3.9513e-01,  3.7434e-01,  3.8800e-01,
        -3.5635e-03,  2.4576e-01, -1.4620e-01, -9.5781e-02, -1.0027e-01,
        -1.2824e-01, -2.7922e-01,  2.3483e-01,  2.7991e-01, -5.6265e-01,
        -1.2272e-01, -2.5153e-01, -3.7141e-01, -9.8749e-02, -5.3183e-02,
         2.4848e-01, -3.5765e-01, -3.3935e-01, -3.4973e-01,  2.0462e-01,
         4.5215e-01,  5.2299e-01, -2.9340e-01,  1.2758e-01,  7.8873e-01,
         3.4305e-01,  1.2031e-01,  1.7977e-01, -9.6511e-02, -7.7814e-02,
         3.9101e-02,  3.3628e-01, -2.4782e-03, -4.2108e-01, -6.3044e-02,
         1.0772e+00,  1.5345e-01,  9.5008e-02, -2.8122e-01,  3.4361e-01,
         3.4194e-02,  2.5104e-01,  5.6083e-01,  7.7842e-01, -4.0743e-01,
         3.2601e-01, -5.7496e-01, -1.7547e-01, -1.4067e-01,  4.7364e-01,
        -3.4520e-01, -5.9910e-02, -2.1647e-02, -1.4223e-01,  4.2044e-01,
        -7.3864e-02, -1.1441e+00, -8.3816e-02, -1.6850e-01, -2.8833e-01,
        -1.2661e-01, -8.1335e-02,  5.0111e-04, -1.9232e-01, -3.8642e-01,
        -1.9148e-01,  2.9724e-01, -4.3920e-01, -5.1170e-02, -1.8200e-01,
         3.7271e-01, -3.8355e-01,  9.5116e-02, -2.0253e-01,  8.8039e-02,
         4.2351e-01,  6.8552e-02, -4.8536e-02, -6.2765e-03,  3.8234e-01,
        -9.6348e-01,  8.8363e-02, -3.7703e-01, -1.3252e-01, -1.8676e-01,
        -4.4187e-02,  9.1214e-02, -3.4834e-01,  8.6795e-03, -6.5167e-02,
        -3.2024e-02,  2.1758e-01,  1.6814e-01, -1.4540e-01,  2.6650e-01,
         1.0444e-01,  1.2171e-02,  7.8665e-01, -3.1338e-02, -2.0947e-01,
         2.9177e-01,  3.5439e-01,  8.9101e-03,  2.4789e-01,  2.7728e-01,
         3.3611e-02, -2.7611e-01, -4.0427e-01,  1.0511e-01,  3.2859e-01,
        -6.3362e-02, -5.9618e-01, -2.4105e-01,  1.6293e-01, -2.4905e-01,
        -1.1505e-01, -4.2792e-01,  6.4221e-02, -3.8836e-01, -1.5369e-01,
         6.7789e-01,  2.8107e-01, -3.3281e-01,  5.0875e-01,  2.7514e-01,
        -4.2994e-01,  1.8337e-01,  8.3258e-02,  3.2254e-01,  1.8323e-01,
         1.2484e-01, -1.0364e-01,  3.0691e-01,  4.2083e-01, -1.5170e-01,
        -5.6760e-02, -1.8816e-01,  1.6737e-01,  5.8267e-02, -2.0105e-01,
        -1.2888e-01,  1.2002e-01, -1.7886e-01,  5.0225e-01,  3.8531e-01,
        -1.3450e+00,  4.8234e-01,  6.1171e-01, -3.6588e-02, -1.0354e-02,
        -5.1433e-02, -2.2651e-01,  5.6803e-01,  8.4633e-02,  1.6048e-01,
        -3.0171e-01,  1.9598e-02,  1.6530e-01, -1.4783e-01,  2.2275e-01,
        -1.1761e-01, -7.5860e-02, -8.0669e-02,  3.0002e-01,  6.9953e-02,
        -1.7255e-01,  1.9887e-01, -2.3593e-01, -6.2077e-02,  2.4637e-01,
         6.1679e-02, -4.4068e-01,  1.6390e-01, -9.9147e-02,  4.2706e-01,
         1.4229e-01, -1.0548e-01, -4.7963e-01, -8.1097e-02,  1.0983e-01,
         1.4690e-01,  8.3666e-02, -4.9317e-01,  3.5091e-01,  5.9799e-01,
        -7.4734e-01,  5.5710e-01,  2.1064e-01, -1.9105e-01,  3.0975e-01,
         1.6445e-01,  1.9079e-02,  3.2453e-01, -4.0101e-01, -4.6528e-01,
        -6.4643e-02, -5.9615e-01, -1.9287e-01, -1.8424e-01,  1.3042e-01,
        -1.3145e-01, -2.2223e-01, -2.2706e-01, -4.5685e-01, -2.6354e-01,
         7.8868e-02, -2.6290e-01, -7.2749e-01,  2.2712e-01, -5.5559e-01,
        -8.3458e-01, -8.4922e-02, -1.6980e-01, -7.3277e-02,  3.8749e-01,
         4.1818e-01,  1.0770e-01, -2.9318e-01,  1.5006e-01, -4.5815e-01,
         1.8385e-01, -6.8825e-02, -1.9578e-01,  1.3820e-01,  1.1071e-01,
        -3.4156e-02, -2.2913e-01, -1.9599e-02,  4.0648e-01,  9.1267e-02,
        -3.8061e-02, -3.3824e-01, -1.8193e-01, -9.7989e-02, -1.4239e-01,
        -7.1765e-02, -2.9923e-01,  6.1271e-01,  2.7459e-01,  4.0751e-01,
        -3.8485e-02, -2.3099e-01, -8.1552e-02,  2.4298e-01, -2.4552e-01,
        -3.1303e-01,  3.6685e-01,  5.0275e-03,  3.9082e-01,  1.7979e-01,
        -7.4645e-02,  3.5003e-01,  1.5076e-01, -2.5114e-01, -1.6751e-01,
         1.1441e-01,  2.5099e-01, -7.7190e-02, -1.6118e-01,  2.5956e-01,
        -2.1206e-01,  3.2095e-01,  1.6000e-02,  2.3893e+00,  1.1354e-01,
         3.6870e-01, -2.7708e-01,  8.9109e-02, -2.6427e-03, -9.1924e-02,
        -8.1331e-04, -1.8937e-02,  4.6529e-01, -3.0137e-01,  3.1153e-01,
        -1.5871e-01,  3.7466e-01,  2.0242e-01,  3.2387e-01, -2.5902e-01,
        -3.1706e-01, -6.9862e-01, -1.9230e-01, -1.2095e-01,  7.3513e-01,
         2.8688e-01, -2.4848e-02,  1.1753e-01,  9.0178e-02,  3.4735e-01,
         1.7327e-01,  6.1758e-02, -1.1285e-01, -1.9780e-01,  2.4449e-01,
         3.4745e-01,  1.8982e-01, -2.5966e-01,  2.4309e-01, -1.5115e-01,
        -1.7482e-01,  1.6578e-01, -1.6537e-01,  6.2440e-02, -6.5299e-01,
         3.8073e-01,  7.9868e-02, -3.8568e-01,  6.0746e-01, -2.3275e-01,
        -3.4617e-01,  2.6419e-01,  2.5205e-01,  4.9132e-03, -9.9673e-02,
        -7.6507e-02, -1.0648e-01, -7.9442e-02, -2.6633e-01,  3.2539e-01,
         1.1040e-01, -1.7997e-01,  2.5154e-01,  3.9249e-01,  3.1066e-01,
         2.4610e-02, -1.9698e-01, -1.2599e-01, -2.7214e-03, -2.5178e-01,
         6.7003e-01, -3.7923e-02,  1.8559e-01,  2.7458e-01,  5.6398e-01,
         3.6538e-01,  4.6739e-01,  3.3664e-01, -6.8320e-02,  1.4077e-01,
         8.3701e-03, -3.0988e-01, -2.8097e+00,  3.6734e-01,  2.9711e-01,
         5.6271e-01,  1.3135e-01,  2.4532e-01,  2.8883e-01, -1.0481e-01,
        -6.3372e-03, -9.1610e-02,  2.8716e-01, -3.8158e-02,  5.2309e-01,
         3.3732e-01,  7.7063e-02,  8.8225e-02,  6.1931e-02, -3.9083e-01,
        -2.4126e-02, -4.5433e-02, -1.8366e-03, -7.0762e-03,  1.9777e-01,
         1.2477e-02, -2.5572e-01,  5.2824e-03,  9.3433e-02, -1.5598e-01,
         1.0862e-02,  2.8132e-01, -2.6400e-01, -3.3045e-02, -6.2944e-02,
         3.4408e-01,  1.9924e-01,  1.9999e-01,  8.7220e-02, -2.9380e-01,
         5.4366e-01,  5.3815e-02, -2.6651e-01,  6.0078e-01, -1.7193e-01,
         4.0024e-01, -8.6139e-02, -3.3951e-01,  3.3602e-01, -2.6720e-01,
         6.6537e-01, -3.2867e-01, -5.0203e-02,  3.4681e-01,  3.6631e-01,
         1.7963e-01,  1.5779e-01,  3.9608e-02,  4.7308e-01, -1.3398e-01,
        -2.7516e-02, -3.2971e-01,  9.2239e-03, -2.6679e-01, -1.3486e-02,
         2.6461e-01,  4.4685e-02, -8.4299e-03,  1.4099e-01,  2.7459e-01,
        -3.9581e-01, -3.7656e-01, -1.2811e-01,  1.2502e-01,  3.7471e-01,
         1.1514e-01,  2.0050e-01, -8.8450e-02,  4.3193e-01,  1.8258e-01,
         2.1625e-01,  9.9512e-02,  5.9905e-02, -5.5585e-01, -4.1291e-01,
        -8.8688e-02,  3.6533e-01, -8.0987e+00, -1.0789e-01, -3.9411e-01,
        -6.0813e-01, -7.6664e-02, -3.9754e-01,  2.5505e-01,  6.1044e-02,
         2.4032e-01,  6.8366e-02, -2.5497e-01,  6.4757e-01,  1.2686e-01,
        -4.1206e-01, -1.5431e-01,  6.7084e-01])
---
Sentence: Today is a sunny day.
[CLS] embedding: tensor([-5.9033e-02, -4.8017e-02, -7.8713e-02, -1.5331e-01, -1.4245e-01,
        -7.8659e-01,  1.9868e-01,  6.2845e-01,  3.2284e-01, -7.3519e-01,
         5.0851e-02,  1.1752e-01,  4.8857e-01,  3.5187e-01,  3.9751e-01,
         2.0608e-01,  1.4850e-03,  4.9603e-01,  3.0418e-01, -1.3297e-01,
         1.5035e-01, -6.9558e-01,  2.8965e-02,  3.5009e-01,  6.4021e-02,
        -6.1287e-01, -1.7637e-01, -3.4021e-02,  9.5532e-02, -8.4936e-03,
        -1.4308e-01,  4.2579e-01, -1.0007e-01, -1.3776e-02,  4.5227e-01,
         5.4332e-02,  1.3272e-01, -1.1510e-01, -1.8071e-01,  3.6298e-01,
        -3.2122e-01, -4.0246e-02,  5.2132e-01, -2.1922e-01,  6.2832e-02,
        -9.5060e-01, -3.0684e+00, -2.2052e-01, -6.0408e-02, -9.7605e-02,
         3.3996e-01, -3.7757e-01,  6.5841e-02,  8.1033e-02, -1.3470e-02,
         3.9271e-01, -2.8574e-01,  6.6510e-01,  4.6614e-02,  8.8352e-02,
         5.3184e-01,  3.3329e-02, -7.0695e-03,  3.8440e-02,  1.9874e-01,
         3.4300e-01, -4.5194e-02,  1.7818e-01,  5.7658e-02,  6.6966e-01,
        -8.1208e-01, -2.3176e-01,  4.6966e-01, -2.0784e-01,  5.2753e-02,
        -2.3998e-02, -3.2396e-01,  2.7231e-01, -4.2520e-01, -2.3167e-01,
         2.6810e-01,  8.5345e-01,  4.0383e-01,  3.0592e-01,  2.2643e-01,
         3.9153e-01, -4.8097e-01, -4.4082e-01,  3.7907e-01,  4.2919e-01,
        -5.2675e-02,  2.0098e-01, -2.7579e-01,  4.1931e-01,  3.7854e-01,
        -2.2006e-01, -4.4262e-02,  3.2555e-01,  2.3284e-01,  1.1562e-01,
         6.6610e-01,  2.2671e-01,  4.3116e-01, -3.1163e-01,  1.0484e-01,
         1.5408e-01,  4.6799e-02, -4.7588e-01,  4.4973e-01, -2.8085e+00,
         4.9832e-02, -4.6065e-02, -1.4211e-01, -2.9930e-02, -4.1861e-01,
         3.0296e-01,  4.2919e-01, -2.2946e-01,  1.2070e-01, -2.7169e-01,
        -2.5681e-01, -1.7615e-01, -1.6879e-01, -2.3873e-01, -1.8753e-01,
         2.3358e-01,  1.3341e-01, -9.8318e-02,  4.0865e-01,  1.8009e-01,
         3.2059e-01,  4.8117e-01, -4.7285e-02, -4.0779e-01, -2.5025e-01,
         3.2408e-01,  4.8938e-01,  2.0296e-01, -5.3760e-01, -1.8604e-01,
        -5.8232e-01, -2.7519e-01, -2.8142e+00,  2.3461e-01,  4.5372e-01,
         2.9875e-01,  1.8106e-01, -1.2476e-01,  1.7043e-01, -1.6219e-01,
         2.2124e-01, -2.8442e-01, -3.2339e-01,  1.7965e-01, -3.8052e-02,
        -4.9877e-01, -1.4309e-01,  7.5055e-02,  5.7770e-01,  5.9405e-01,
         3.1971e-01, -1.4672e-01,  3.6181e-01,  1.0036e-01, -5.3107e-01,
         6.0276e-01,  7.1616e-01,  3.0140e-01,  3.2225e-01,  1.1005e-01,
        -2.2276e-02,  3.3954e-01,  1.5296e-01,  1.1104e-01, -8.7759e-02,
         1.1835e-01, -2.1967e-01,  4.5578e-01, -3.0185e-02, -2.4985e-01,
        -7.0561e-02,  2.7074e-02,  2.4087e-01, -6.5727e-02,  7.8685e-01,
        -1.4838e-01,  4.3157e-01, -1.3173e-01, -5.1449e-01,  3.2328e-01,
         1.5520e-01, -2.0638e-01,  1.8449e-01, -1.3947e-01,  1.6604e-01,
         1.9145e-01,  3.8345e-01, -4.9353e-01, -2.7254e-01,  5.1845e-02,
         4.2117e-02, -1.3894e-02, -5.3484e-01,  1.8403e-01, -1.0286e-01,
         4.1372e+00,  2.9411e-01, -3.2044e-01,  4.3063e-01,  2.5965e-02,
        -7.6610e-01, -1.1657e-01, -2.4645e-01,  3.7132e-01, -5.3226e-01,
         1.1746e-01,  9.0701e-02,  3.8510e-01, -2.5579e-01,  1.4586e-01,
         2.7746e-01,  2.7257e-01, -2.7115e-01,  5.0010e-02, -1.1132e-01,
        -3.7845e-01, -1.6896e-01,  2.8890e-01, -6.8479e-02, -1.2617e+00,
        -9.6310e-02, -5.2179e-02, -2.7369e-01,  4.9134e-01, -3.7331e-01,
        -1.1837e-01, -3.8701e-02, -4.8166e-01,  2.7146e-01, -1.1030e-01,
         1.2213e-01,  4.9276e-02, -3.0338e-01,  3.2156e-01, -2.4866e-01,
         5.2287e-01,  2.1730e-01, -2.7504e-02,  5.5824e-01, -1.1468e-01,
         4.0108e-01, -1.4054e-02,  2.2603e-01, -1.1428e-01, -1.4954e-01,
         1.4505e-01,  4.3332e-02,  1.6656e-01, -4.1978e-01,  1.6150e-02,
        -1.7071e-01, -1.0429e-01,  3.8937e-01,  1.4819e-01, -7.1730e-01,
        -3.2917e-01,  2.3146e-01, -3.9278e-02, -1.3421e-01, -2.6411e-01,
        -4.8144e-02, -3.6639e-01, -2.7473e-01, -3.9164e+00,  1.1504e-01,
        -2.2422e-01,  2.9087e-01,  3.2675e-01, -1.9889e-01,  1.3627e-01,
         6.1910e-01,  6.6200e-02, -7.0950e-01,  6.1586e-01, -8.8079e-02,
        -2.9833e-01,  3.8147e-01, -3.2449e-01,  1.5443e-01,  6.0383e-02,
        -2.2508e-01, -1.9793e-01, -3.5172e-01,  1.9602e-01,  1.0695e-01,
        -1.3937e-01,  4.1270e-01, -1.6294e-01, -3.1190e-01, -2.7937e-01,
        -3.5776e-01,  8.5509e-03,  3.6174e-02,  1.2597e-01, -2.7778e-02,
        -1.7471e-01,  1.6853e-01, -3.6647e-01, -2.0655e+00,  4.5298e-01,
        -1.1620e-01, -1.4591e-01,  4.0987e-02,  7.1513e-02,  3.7963e-01,
        -2.9075e-01, -5.1104e-01, -9.1063e-02,  8.0411e-02, -1.4889e-01,
        -1.2244e-01,  5.0972e-02,  5.9105e-01, -7.1118e-02,  6.8881e-01,
        -5.9404e-02,  1.9973e-01,  2.7081e-01, -1.0718e-02,  1.6515e-01,
         1.0660e-01, -2.1486e-01,  5.8958e-01,  4.2622e-01, -4.2101e-01,
        -4.1813e-01, -5.5172e-01,  2.7312e-01,  4.6537e-01, -5.7267e-03,
         2.4885e-01, -4.2556e-01, -4.2312e-01, -1.9119e-02,  2.8382e-01,
        -1.7895e-01,  5.9070e-01, -1.1582e-01,  4.6188e-03,  4.7933e-01,
        -4.6754e-03,  5.9998e-01,  4.3849e-01,  4.4190e-01, -1.8569e-01,
        -1.5890e-02,  1.9778e-01,  2.9080e-01,  2.0299e-01,  3.2174e-02,
         1.1154e+00, -2.0292e-01, -1.2467e-01, -4.4836e-01,  3.9548e-01,
        -1.1906e-01, -9.5048e-02,  1.1867e-01,  7.1120e-01, -1.8287e-01,
        -2.7850e-02,  1.0179e-01, -6.2039e-02, -6.7553e-01,  2.6384e-01,
        -6.6047e-01, -9.8099e-02,  1.9263e-01,  2.5611e-01,  7.5722e-04,
        -2.7764e-01, -1.1816e+00, -2.2896e-01,  1.7588e-01, -3.3136e-01,
         2.0554e-01,  4.3382e-01, -1.4003e-01,  2.6052e-01, -4.2758e-01,
        -3.7655e-01,  5.8665e-01, -2.3335e-01, -7.7868e-03,  1.7247e-01,
         1.3280e-01, -3.8056e-01, -5.9528e-01, -1.4635e-01,  3.8954e-01,
         4.6806e-01,  2.6774e-01,  4.9627e-02, -1.7027e-01, -2.1879e-02,
        -8.5936e-01,  6.9742e-02,  8.4794e-03, -1.8267e-01,  3.0675e-02,
         1.2581e-02,  3.9721e-01, -1.6494e-01, -4.5216e-01,  6.2165e-02,
         1.3573e-02, -6.9977e-02,  2.6974e-01, -3.7988e-01, -7.6425e-01,
         3.7539e-01,  9.2253e-02,  1.1092e+00, -3.8257e-01,  2.9606e-01,
         5.1081e-01,  2.0173e-02, -7.7051e-02,  6.0297e-01,  1.3514e-01,
        -1.9165e-01,  8.5010e-02, -4.4193e-01, -3.1062e-01,  2.5948e-01,
        -3.5034e-01, -5.5013e-01, -2.8697e-01,  2.8329e-02, -5.2822e-02,
        -3.7678e-01, -2.8030e-01, -3.5579e-01, -2.3036e-01, -2.5826e-02,
         2.7405e-02, -1.8458e-01,  5.4257e-03,  3.7601e-01, -3.1269e-02,
        -4.9269e-01,  4.2686e-01, -2.0172e-01,  3.7110e-01,  1.5873e-01,
        -3.1993e-02, -5.5069e-01,  4.8992e-01,  1.9082e-01, -7.5949e-02,
        -7.9412e-02, -5.3348e-01,  1.0446e-01,  2.1905e-01,  2.5666e-01,
         1.0026e-01,  1.1290e-01, -2.5002e-01,  6.6432e-02,  6.7493e-02,
        -1.2834e+00,  9.5662e-02,  3.0933e-01, -1.0985e-02,  2.7475e-01,
        -2.0820e-01, -6.1391e-01,  6.8633e-01, -7.6350e-02,  3.1534e-01,
        -2.5515e-01, -2.0523e-01, -1.2162e-01,  4.1130e-01,  2.7429e-01,
        -9.5407e-03, -7.7766e-02, -6.4371e-01, -1.3559e-01, -4.6565e-01,
        -1.5481e-01,  2.7142e-01,  2.7384e-01, -3.9850e-02,  1.2840e-01,
        -3.5292e-01,  1.3676e-02,  5.0993e-01, -2.0742e-01,  4.5801e-01,
        -7.3821e-02, -5.6044e-01, -5.6065e-01, -3.1450e-01,  3.5460e-01,
         1.2212e-01,  4.3014e-01, -4.1950e-01,  2.7609e-01,  6.5199e-01,
        -4.1940e-01,  4.9841e-01,  3.4803e-01, -2.5824e-01,  3.4226e-01,
         2.4826e-01, -3.7783e-01,  1.2920e-01, -2.5900e-02, -6.0867e-01,
         1.1785e-01, -2.9013e-01, -5.0799e-01, -2.5583e-02, -6.1070e-02,
        -2.8478e-01, -6.1744e-02,  3.8008e-01, -4.4123e-01, -1.2420e-01,
         5.8902e-01, -1.7337e-01, -5.9596e-01,  6.6601e-02, -5.5404e-01,
        -1.7777e-01, -2.1455e-01, -3.6340e-01, -3.0833e-01, -1.5377e-02,
         5.1352e-01, -1.0501e-01, -1.7602e-01,  4.0646e-01, -7.3375e-01,
         2.0638e-02, -8.3516e-02,  6.2616e-01,  1.7879e-01, -3.6680e-01,
         5.4321e-01, -1.8668e-01, -2.3047e-01,  2.6554e-01,  2.0139e-02,
         4.3812e-01, -5.2284e-01, -2.0679e-01, -3.5913e-02,  7.1140e-02,
        -6.5016e-01,  7.0157e-02,  4.0366e-01, -2.1116e-01,  7.9577e-02,
        -1.5996e-03,  8.7947e-02,  1.6579e-01,  1.0548e-01, -2.8443e-01,
        -2.5016e-01,  7.1561e-01,  5.5090e-01,  2.2131e-01, -5.0889e-01,
         4.2817e-01,  6.6611e-01, -2.7787e-04, -4.9129e-01, -2.3659e-01,
        -7.9902e-02, -3.2977e-01, -2.5681e-01,  4.8204e-02, -8.7722e-02,
        -3.9257e-01,  1.8743e-01, -5.2850e-01,  2.2889e+00,  4.2353e-01,
         3.0545e-01, -6.4469e-01,  9.8035e-02, -2.8438e-01, -1.6599e-01,
         3.9144e-01, -3.6967e-01,  2.6962e-01,  1.0351e-01,  8.1501e-02,
        -3.0426e-01,  1.2532e-01,  5.3639e-01,  1.2543e-01, -1.9740e-01,
        -2.5866e-01, -8.1256e-01, -1.1000e-01, -3.4294e-01,  7.5374e-01,
         1.1381e-01, -1.8256e-01,  2.7605e-01,  1.5190e-01,  2.2191e-01,
         7.7583e-03,  1.9042e-01,  5.0637e-01, -1.2603e-01,  1.7930e-01,
         8.5753e-02,  5.6238e-01, -6.4421e-01,  1.2769e-01, -4.5791e-01,
        -1.6300e-01, -1.2362e-01,  3.5955e-01,  6.9629e-02, -3.7355e-01,
         2.4195e-01, -5.4307e-02, -3.9395e-01,  7.3917e-01, -2.0695e-01,
        -3.9817e-01,  5.4978e-01,  1.9690e-01, -1.0455e-01, -2.7194e-01,
        -1.7924e-01,  2.6702e-01, -2.9637e-01, -2.7850e-01,  2.1785e-01,
        -1.6105e-01, -3.2021e-01,  3.9617e-01,  3.3156e-01,  2.1118e-01,
         2.9397e-01, -2.4973e-01, -8.3048e-02, -3.2636e-01, -3.8565e-01,
         5.7285e-01,  8.7707e-02, -4.6090e-01,  2.4388e-02,  2.4050e-01,
         5.7817e-01,  2.3035e-01,  3.6574e-01, -1.0030e-02,  3.3321e-01,
        -1.1764e-01, -3.7216e-01, -3.1102e+00,  2.3120e-01,  1.4524e-01,
         1.9756e-01,  8.1880e-02,  2.4632e-01,  2.7777e-01, -2.2305e-01,
         2.3443e-01, -3.5913e-01,  5.9019e-01,  3.7421e-01,  7.3290e-01,
        -2.4040e-02,  4.6970e-01,  3.6987e-01,  3.4934e-01, -3.2594e-01,
        -2.3058e-01, -3.6744e-02,  1.2557e-01,  2.0916e-02,  1.5664e-01,
        -4.1161e-01, -3.6067e-01,  7.5642e-02, -1.4270e-01, -3.2791e-01,
         3.7197e-03,  4.1515e-01,  8.6326e-02,  5.6674e-01,  2.4271e-02,
         1.9823e-01,  1.0136e-01, -4.0476e-02, -4.7040e-01,  1.3784e-01,
         2.3479e-01,  2.8389e-01, -9.4208e-02,  5.4832e-01, -4.0395e-01,
         3.5258e-01, -2.7497e-01,  2.0103e-02,  2.5901e-01, -8.4681e-02,
         3.5971e-01, -3.4078e-01,  4.0637e-02,  7.2327e-02,  1.1408e-01,
         9.0141e-02,  3.7329e-01,  7.8408e-02,  1.2612e-02,  9.3801e-02,
         3.0008e-01, -4.2164e-01, -2.3464e-01,  1.1166e-01,  2.5154e-01,
        -1.1485e-01,  4.3535e-01, -1.3665e-01,  1.1344e-02,  2.1403e-01,
        -8.3357e-02, -5.4569e-02, -2.6326e-01, -2.7119e-01,  4.7303e-01,
         2.1389e-01, -2.2126e-01, -9.9524e-02,  6.4115e-01,  3.9764e-01,
        -6.6799e-03, -2.1214e-01, -3.0699e-01,  3.4769e-02, -6.9870e-01,
         2.9873e-01, -2.3540e-01, -7.8791e+00,  2.7101e-02, -3.0730e-01,
        -4.8539e-02, -2.7516e-02, -4.4295e-01, -3.6546e-01, -8.2033e-02,
         3.4438e-01, -5.3651e-02,  1.7617e-01,  1.9702e-01, -9.8527e-02,
        -4.1801e-01,  5.2095e-01,  4.5146e-01])
---

(transformer-demo) C:\Users\Dao\Code\Transformer-demo>c:/Users/Dao/Code/Transformer-demo/.venv/Scripts/python.exe c:/Users/Dao/Code/Transformer-demo/src/get_word_embeddings.py
Traceback (most recent call last):
  File "c:\Users\Dao\Code\Transformer-demo\src\get_word_embeddings.py", line 27, in <module>
    word_embs = get_word_embeddings(sentence, tokenizer, model)
                                              ^^^^^^^^^
NameError: name 'tokenizer' is not defined

(transformer-demo) C:\Users\Dao\Code\Transformer-demo>c:/Users/Dao/Code/Transformer-demo/.venv/Scripts/python.exe c:/Users/Dao/Code/Transformer-demo/src/get_word_embeddings.py
Traceback (most recent call last):
  File "c:\Users\Dao\Code\Transformer-demo\src\get_word_embeddings.py", line 32, in <module>
    word_embs = get_word_embeddings(sentence, tokenizer, model)
  File "c:\Users\Dao\Code\Transformer-demo\src\get_word_embeddings.py", line 9, in get_word_embeddings
    with torch.no_grad():
         ^^^^^
NameError: name 'torch' is not defined

(transformer-demo) C:\Users\Dao\Code\Transformer-demo>c:/Users/Dao/Code/Transformer-demo/.venv/Scripts/python.exe c:/Users/Dao/Code/Transformer-demo/src/get_word_embeddings.py
Word: Playing, Embedding shape: torch.Size([768])
Word: football, Embedding shape: torch.Size([768])
Word: is, Embedding shape: torch.Size([768])
Word: fun., Embedding shape: torch.Size([768])

(transformer-demo) C:\Users\Dao\Code\Transformer-demo>c:/Users/Dao/Code/Transformer-demo/.venv/Scripts/python.exe c:/Users/Dao/Code/Transformer-demo/src/get_cls_embedding.py
Traceback (most recent call last):
  File "c:\Users\Dao\Code\Transformer-demo\src\get_cls_embedding.py", line 1, in <module>
    from sklearn.metrics.pairwise import cosine_similarity
ModuleNotFoundError: No module named 'sklearn'

(transformer-demo) C:\Users\Dao\Code\Transformer-demo>uv add scikit-learn
Resolved 67 packages in 1.31s
⠙ Preparing packages... (1/3)
scikit-learn         ------------------------------ 1.31 MiB/8.30 MiB
scipy                ------------------------------ 6.91 MiB/36.74 MiB                                                                   
^C                                                                                                                                       
(transformer-demo) C:\Users\Dao\Code\Transformer-demo>uv add scikit-learn                                                                
Resolved 67 packages in 348ms                                                                                                            
Prepared 2 packages in 9.95s
Installed 4 packages in 1.01s
 + joblib==1.5.2
 + scikit-learn==1.7.2
 + scipy==1.16.2
 + threadpoolctl==3.6.0

(transformer-demo) C:\Users\Dao\Code\Transformer-demo>c:/Users/Dao/Code/Transformer-demo/.venv/Scripts/python.exe c:/Users/Dao/Code/Transformer-demo/src/get_cls_embedding.py
Traceback (most recent call last):
  File "c:\Users\Dao\Code\Transformer-demo\src\get_cls_embedding.py", line 14, in <module>
    emb1 = get_cls_embedding(sent1)
  File "c:\Users\Dao\Code\Transformer-demo\src\get_cls_embedding.py", line 5, in get_cls_embedding
    inputs = tokenizer(text, return_tensors="pt", truncation=True, max_length=128)
             ^^^^^^^^^
NameError: name 'tokenizer' is not defined

(transformer-demo) C:\Users\Dao\Code\Transformer-demo>c:/Users/Dao/Code/Transformer-demo/.venv/Scripts/python.exe c:/Users/Dao/Code/Transformer-demo/src/get_cls_embedding.py
Similarity between sent1 and sent2: 0.9467
Similarity between sent1 and sent3: 0.9151

(transformer-demo) C:\Users\Dao\Code\Transformer-demo>c:/Users/Dao/Code/Transformer-demo/.venv/Scripts/python.exe c:/Users/Dao/Code/Transformer-demo/src/get_cls_embedding.py
Similarity between sent1 and sent2: 0.9467
Similarity between sent1 and sent3: 0.9151
Similarity between sent1 and sent4: 0.8613

(transformer-demo) C:\Users\Dao\Code\Transformer-demo>c:/Users/Dao/Code/Transformer-demo/.venv/Scripts/python.exe c:/Users/Dao/Code/Transformer-demo/src/get_cls_embedding.py
Similarity between sent1 and sent2: 0.9467
Similarity between sent1 and sent3: 0.9151
Similarity between sent1 and sent4: 0.8613
Similarity between sent1 and sent5: 0.8387

(transformer-demo) C:\Users\Dao\Code\Transformer-demo>c:/Users/Dao/Code/Transformer-demo/.venv/Scripts/python.exe c:/Users/Dao/Code/Transformer-demo/src/masked_language_modeling.py
Some weights of the model checkpoint at bert-base-uncased were not used when initializing BertForMaskedLM: ['bert.pooler.dense.bias', 'bert.pooler.dense.weight', 'cls.seq_relationship.bias', 'cls.seq_relationship.weight']
- This IS expected if you are initializing BertForMaskedLM from the checkpoint of a model trained on another task or with another architecture (e.g. initializing a BertForSequenceClassification model from a BertForPreTraining model).
- This IS NOT expected if you are initializing BertForMaskedLM from the checkpoint of a model that you expect to be exactly identical (initializing a BertForSequenceClassification model from a BertForSequenceClassification model).
Traceback (most recent call last):
  File "c:\Users\Dao\Code\Transformer-demo\src\masked_language_modeling.py", line 8, in <module>
    inputs = tokenizer(text, return_tensors="pt")
             ^^^^^^^^^
NameError: name 'tokenizer' is not defined

(transformer-demo) C:\Users\Dao\Code\Transformer-demo>c:/Users/Dao/Code/Transformer-demo/.venv/Scripts/python.exe c:/Users/Dao/Code/Transformer-demo/src/masked_language_modeling.py
Some weights of the model checkpoint at bert-base-uncased were not used when initializing BertForMaskedLM: ['bert.pooler.dense.bias', 'bert.pooler.dense.weight', 'cls.seq_relationship.bias', 'cls.seq_relationship.weight']
- This IS expected if you are initializing BertForMaskedLM from the checkpoint of a model trained on another task or with another architecture (e.g. initializing a BertForSequenceClassification model from a BertForPreTraining model).
- This IS NOT expected if you are initializing BertForMaskedLM from the checkpoint of a model that you expect to be exactly identical (initializing a BertForSequenceClassification model from a BertForSequenceClassification model).
Top 5 predictions for [MASK]:
paris
lille
lyon
marseille
tours

(transformer-demo) C:\Users\Dao\Code\Transformer-demo>c:/Users/Dao/Code/Transformer-demo/.venv/Scripts/python.exe c:/Users/Dao/Code/Transformer-demo/src/masked_language_modeling.py
Some weights of the model checkpoint at bert-base-uncased were not used when initializing BertForMaskedLM: ['bert.pooler.dense.bias', 'bert.pooler.dense.weight', 'cls.seq_relationship.bias', 'cls.seq_relationship.weight']
- This IS expected if you are initializing BertForMaskedLM from the checkpoint of a model trained on another task or with another architecture (e.g. initializing a BertForSequenceClassification model from a BertForPreTraining model).
- This IS NOT expected if you are initializing BertForMaskedLM from the checkpoint of a model that you expect to be exactly identical (initializing a BertForSequenceClassification model from a BertForSequenceClassification model).
Top 5 predictions for [MASK]:
paris 1.0
lille 1.0
lyon 1.0
marseille 1.0
tours 1.0

(transformer-demo) C:\Users\Dao\Code\Transformer-demo>c:/Users/Dao/Code/Transformer-demo/.venv/Scripts/python.exe c:/Users/Dao/Code/Transformer-demo/src/masked_language_modeling.py
Some weights of the model checkpoint at bert-base-uncased were not used when initializing BertForMaskedLM: ['bert.pooler.dense.bias', 'bert.pooler.dense.weight', 'cls.seq_relationship.bias', 'cls.seq_relationship.weight']
- This IS expected if you are initializing BertForMaskedLM from the checkpoint of a model trained on another task or with another architecture (e.g. initializing a BertForSequenceClassification model from a BertForPreTraining model).
- This IS NOT expected if you are initializing BertForMaskedLM from the checkpoint of a model that you expect to be exactly identical (initializing a BertForSequenceClassification model from a BertForSequenceClassification model).
Top 5 predictions for [MASK]:
paris: 0.6654
lille: 0.1140
lyon: 0.1012
marseille: 0.0710
tours: 0.0484

(transformer-demo) C:\Users\Dao\Code\Transformer-demo>c:/Users/Dao/Code/Transformer-demo/.venv/Scripts/python.exe c:/Users/Dao/Code/Transformer-demo/src/chinese_model.py
tokenizer_config.json: 100%|█████████████████████████████████████████████████████████████████████| 49.0/49.0 [00:00<00:00, 471kB/s]
c:\Users\Dao\Code\Transformer-demo\.venv\Lib\site-packages\huggingface_hub\file_download.py:143: UserWarning: `huggingface_hub` cache-system uses symlinks by default to efficiently store duplicated files but your machine does not support them in C:\Users\Dao\.cache\huggingface\hub\models--bert-base-chinese. Caching files will still work but in a degraded version that might require more space on your disk. This warning can be disabled by setting the `HF_HUB_DISABLE_SYMLINKS_WARNING` environment variable. For more details, see https://huggingface.co/docs/huggingface_hub/how-to-cache#limitations.
To support symlinks on Windows, you either need to activate Developer Mode or to run Python as an administrator. In order to activate developer mode, see this article: https://docs.microsoft.com/en-us/windows/apps/get-started/enable-your-device-for-development    
  warnings.warn(message)
vocab.txt: 100%|████████████████████████████████████████████████████████████████████████████████| 110k/110k [00:00<00:00, 1.35MB/s]
tokenizer.json: 100%|███████████████████████████████████████████████████████████████████████████| 269k/269k [00:00<00:00, 1.24MB/s]
config.json: 100%|████████████████████████████████████████████████████████████████████████████████| 624/624 [00:00<00:00, 4.67MB/s]
Xet Storage is enabled for this repo, but the 'hf_xet' package is not installed. Falling back to regular HTTP download. For better performance, install the package with: `pip install huggingface_hub[hf_xet]` or `pip install hf_xet`
model.safetensors:  20%|██████████████▍                                                        | 83.9M/412M [00:18<01:11, 4.59MB/s]